C51 COMPILER V9.54   MAIN                                                                  04/10/2022 13:39:45 PAGE 1   


C51 COMPILER V9.54, COMPILATION OF MODULE MAIN
OBJECT MODULE PLACED IN .\Objects\main.obj
COMPILER INVOKED BY: D:\Keil_v5\C51\BIN\C51.EXE main.c OPTIMIZE(8,SPEED) BROWSE DEBUG OBJECTEXTEND PRINT(.\Listings\main
                    -.lst) TABS(2) OBJECT(.\Objects\main.obj)

line level    source

   1          #include <REGX52.H>
   2          #include "LCD1602.H"
   3          #include "MatrixKey.H"
   4          
   5          unsigned char KeyNum;
   6          unsigned int count=0,Password = 0;
   7          void main()
   8          {
   9   1        LCD_Init();
  10   1        LCD_ShowString(1,1,"Password");
  11   1          while(1)
  12   1          {
  13   2              KeyNum = MatrixKey();
  14   2              if(KeyNum)
  15   2              {
  16   3                  if(KeyNum<=10)
  17   3                  {
  18   4                      if(count<4)
  19   4                      {
  20   5                          Password *= 10;
  21   5                          Password += KeyNum;
  22   5                          count++;
  23   5                      }
  24   4                      LCD_ShowNum(2,1,Password,4);
  25   4                  }
  26   3                  if(KeyNum==11)
  27   3                  {
  28   4                      if(Password==4567)
  29   4                      {
  30   5                          count=0;
  31   5                          Password=0;
  32   5                          LCD_ShowNum(2,1,Password,4);
  33   5                          LCD_ShowString(2,14," OK");
  34   5                      }
  35   4                      else
  36   4                      {
  37   5                          count=0;
  38   5                          Password=0;
  39   5                          LCD_ShowNum(2,1,Password,4);
  40   5                          LCD_ShowString(2,14,"ERR");
  41   5                      }
  42   4                  }
  43   3                  if(KeyNum==12)
  44   3                  {
  45   4                          count=0;
  46   4                          Password=0;
  47   4                          LCD_ShowNum(2,1,Password,4);
  48   4                  }
  49   3              }
  50   2          }
  51   1            
  52   1      }


C51 COMPILER V9.54   MAIN                                                                  04/10/2022 13:39:45 PAGE 2   

MODULE INFORMATION:   STATIC OVERLAYABLE
   CODE SIZE        =    206    ----
   CONSTANT SIZE    =     17    ----
   XDATA SIZE       =   ----    ----
   PDATA SIZE       =   ----    ----
   DATA SIZE        =      5    ----
   IDATA SIZE       =   ----    ----
   BIT SIZE         =   ----    ----
END OF MODULE INFORMATION.


C51 COMPILATION COMPLETE.  0 WARNING(S),  0 ERROR(S)
