C51 COMPILER V9.54   MAIN                                                                  07/16/2022 14:44:37 PAGE 1   


C51 COMPILER V9.54, COMPILATION OF MODULE MAIN
OBJECT MODULE PLACED IN .\Objects\main.obj
COMPILER INVOKED BY: D:\Keil_v5\C51\BIN\C51.EXE main.c OPTIMIZE(8,SPEED) BROWSE DEBUG OBJECTEXTEND PRINT(.\Listings\main
                    -.lst) OBJECT(.\Objects\main.obj)

line level    source

   1          #include <REGX52.H>
   2          #include "Timer0.h"
   3          #include "Delay.h"
   4          
   5          sbit Buzzer=P3^5;
   6          
   7          #define SPEED           430
   8          
   9          #define SP      0
  10          #define L1      1
  11          #define L1_     2
  12          #define L2      3
  13          #define L2_     4
  14          #define L3      5
  15          #define L4      6
  16          #define L4_     7
  17          #define L5      8
  18          #define L5_     9
  19          #define L6      10
  20          #define L6_     11
  21          #define L7      12
  22          #define M1      13
  23          #define M1_     14
  24          #define M2      15
  25          #define M2_     16
  26          #define M3      17
  27          #define M4      18
  28          #define M4_     19
  29          #define M5      20
  30          #define M5_     21
  31          #define M6      22
  32          #define M6_     23
  33          #define M7      24
  34          #define H1      25
  35          #define H1_     26
  36          #define H2      27
  37          #define H2_     28
  38          #define H3      29
  39          #define H4      30
  40          #define H4_     31
  41          #define H5      32
  42          #define H5_     33
  43          #define H6      34
  44          #define H6_     35
  45          #define H7      36
  46          unsigned int FreqTable[]={0,
  47                  63628,63731,63835,63928,64021,64103,64185,64260,64331,64400,64463,64528,
  48                  64580,64633,64684,64732,64777,64820,64860,64898,64934,64968,65000,65030,
  49                  65058,65085,65110,65134,65157,65178,65198,65217,65235,65252,65268,65283};
  50          
  51          unsigned char FreqSelect,MusicSelect;
  52          unsigned char code music[]={
  53                  H3,2,
  54                  H5,2,
C51 COMPILER V9.54   MAIN                                                                  07/16/2022 14:44:37 PAGE 2   

  55                  H5_,3,
  56                  H6,1,
  57                  H5,2,
  58                  H3,2,
  59                  H1,2,
  60                  H1,1,
  61                  H2,1,
  62                  H3,2,
  63                  H3,2,
  64                  H2,2,
  65                  H1,2,
  66                  H2,4,
  67                  SP,4,
  68                  H3,2,
  69                  H5,2,
  70                  H5_,3,
  71                  H6,1,
  72                  H5,2,
  73                  H3,2,
  74                  H1,2,
  75                  H1,1,
  76                  H2,1,
  77                  H3,2,
  78                  H3,2,
  79                  H2,2,
  80                  H1,2,
  81                  H2,4,
  82                  SP,4,
  83                  H4,4,
  84                  H4,4,
  85                  H4,2,
  86                  H6,2,
  87                  H6,4,
  88                  H5,4,
  89                  H5,2,
  90                  H3,2,
  91                  H2,4,
  92                  SP,4,
  93                  H3,2,
  94                  H5,2,
  95                  H5_,3,
  96                  H6,1,
  97                  H5,2,
  98                  H3,2,
  99                  H1,2,
 100                  H1,1,
 101                  H2,1,
 102                  H3,2,
 103                  H3,2,
 104                  H2,2,
 105                  H2,2,
 106                  H1,4,
 107                  0xFF
 108          };
 109          void main()
 110          {
 111   1              Timer0Init();
 112   1              while(1)
 113   1              {
 114   2                      if(music[MusicSelect]!=0xFF)
 115   2                      {       
 116   3                              FreqSelect=music[MusicSelect];
C51 COMPILER V9.54   MAIN                                                                  07/16/2022 14:44:37 PAGE 3   

 117   3                              MusicSelect++;
 118   3                              Delay(SPEED/4*music[MusicSelect]);
 119   3                              MusicSelect++;
 120   3                              TR0=0;
 121   3                              Delay(5);
 122   3                              TR0=1;
 123   3                      }
 124   2                      else
 125   2                      {
 126   3                              TR0=0;
 127   3                              while(1);
 128   3                      }
 129   2              }
 130   1      }
 131          
 132          void Timer0_Routine()           interrupt 1
 133          {
 134   1              if(FreqTable[FreqSelect])
 135   1              {
 136   2                      TL0=FreqTable[FreqSelect]%256;
 137   2                      TH0=FreqTable[FreqSelect]/256;
 138   2                      Buzzer=!Buzzer;
 139   2              }
 140   1      }


MODULE INFORMATION:   STATIC OVERLAYABLE
   CODE SIZE        =    101    ----
   CONSTANT SIZE    =    109    ----
   XDATA SIZE       =   ----    ----
   PDATA SIZE       =   ----    ----
   DATA SIZE        =     76    ----
   IDATA SIZE       =   ----    ----
   BIT SIZE         =   ----    ----
END OF MODULE INFORMATION.


C51 COMPILATION COMPLETE.  0 WARNING(S),  0 ERROR(S)
